// Jest Snapshot v1, https://goo.gl/fbAQLP

exports[`PasswordTextField component should render the PasswordTextField component correctly 1`] = `
<WithStyles(ForwardRef(TextField))
  InputProps={
    Object {
      "endAdornment": <ForwardRef(WithStyles)
        position="end"
      >
        <ForwardRef(WithStyles)
          edge="end"
          onClick={[Function]}
          onMouseDown={[Function]}
        >
          <UNDEFINED />
        </ForwardRef(WithStyles)>
      </ForwardRef(WithStyles)>,
    }
  }
  type="password"
/>
`;
