// Jest Snapshot v1, https://goo.gl/fbAQLP

exports[`ErrorPage page should render the ErrorPage page correctly 1`] = `
<div
  className="makeStyles-root-1"
>
  <img
    alt="page broken"
    className="makeStyles-image-2"
    src="brokenPage.png"
  />
  <WithStyles(ForwardRef(Typography))
    className="makeStyles-errorText-3"
    color="primary"
    variant="h3"
  >
    Some error text
  </WithStyles(ForwardRef(Typography))>
</div>
`;
